SLF4J: Class path contains multiple SLF4J bindings.
SLF4J: Found binding in [jar:file:/Users/albertins/.m2/repository/org/apache/jena/jena-fuseki-server/4.6.1/jena-fuseki-server-4.6.1.jar!/org/slf4j/impl/StaticLoggerBinder.class]
SLF4J: Found binding in [jar:file:/Users/albertins/.m2/repository/org/apache/logging/log4j/log4j-slf4j-impl/2.18.0/log4j-slf4j-impl-2.18.0.jar!/org/slf4j/impl/StaticLoggerBinder.class]
SLF4J: See http://www.slf4j.org/codes.html#multiple_bindings for an explanation.
SLF4J: Actual binding is of type [org.apache.logging.slf4j.Log4jLoggerFactory]
[2025-11-25 20:14:49] Server     INFO  Apache Jena Fuseki 4.6.1
[2025-11-25 20:14:49] Server     INFO  Incoming connections limited to localhost
[2025-11-25 20:14:50] Config     INFO  FUSEKI_HOME=/Users/albertins/git/Indicadores-de-CTI/.fuseki/.
[2025-11-25 20:14:50] Config     INFO  FUSEKI_BASE=/Users/albertins/git/Indicadores-de-CTI/.fuseki/run
[2025-11-25 20:14:50] Config     INFO  Shiro file: file:///Users/albertins/git/Indicadores-de-CTI/.fuseki/run/shiro.ini
[2025-11-25 20:14:50] Config     ERROR Skipping: Failed to build service for "Indicadores de CTI"
[2025-11-25 20:14:50] Config     ERROR     String '/Indicadores de CTI' not valid as 'service'
[2025-11-25 20:14:50] Config     INFO  Load configuration: file:///Users/albertins/git/Indicadores-de-CTI/.fuseki/run/configuration/indicadores-CTI.ttl
[2025-11-25 20:14:50] Server     INFO  Path = /indicadores-CTI
[2025-11-25 20:14:50] Server     INFO  System
[2025-11-25 20:14:50] Server     INFO    Memory: 4.5 GiB
[2025-11-25 20:14:50] Server     INFO    Java:   21.0.7
[2025-11-25 20:14:50] Server     INFO    OS:     Mac OS X 14.1 aarch64
[2025-11-25 20:14:50] Server     INFO    PID:    62848
[2025-11-25 20:14:50] Server     INFO  Started 2025/11/25 20:14:50 BRT on port 3030
[2025-11-25 20:15:03] Fuseki     INFO  [4] POST http://localhost:3030/indicadores-CTI/sparql
[2025-11-25 20:15:03] Fuseki     INFO  [4] Query = PREFIX rdf: <http://www.w3.org/1999/02/22-rdf-syntax-ns#> PREFIX rdfs: <http://www.w3.org/2000/01/rdf-schema#> SELECT * WHERE {   ?sub ?pred ?obj . } LIMIT 10
[2025-11-25 20:15:03] Fuseki     INFO  [4] 200 OK (34 ms)
[2025-11-25 20:15:06] Fuseki     INFO  [5] POST http://localhost:3030/indicadores-CTI/sparql
[2025-11-25 20:15:06] Fuseki     INFO  [5] Query = PREFIX rdf: <http://www.w3.org/1999/02/22-rdf-syntax-ns#> PREFIX rdfs: <http://www.w3.org/2000/01/rdf-schema#> SELECT * WHERE {   ?sub ?pred ?obj . } LIMIT 10
[2025-11-25 20:15:06] Fuseki     INFO  [5] 200 OK (9 ms)
[2025-11-25 20:15:54] Fuseki     INFO  [8] POST http://localhost:3030/indicadores-CTI/data
[2025-11-25 20:15:54] Fuseki     INFO  [9] POST http://localhost:3030/indicadores-CTI/data
[2025-11-25 20:15:54] Fuseki     INFO  [10] POST http://localhost:3030/indicadores-CTI/data
[2025-11-25 20:15:54] Fuseki     INFO  [8] Filename: individuals.ttl, Content-Type=application/octet-stream, Charset=null => Turtle : Count=1256 Triples=1256 Quads=0
[2025-11-25 20:15:54] Fuseki     INFO  [8] 200 OK (60 ms)
[2025-11-25 20:15:54] Fuseki     INFO  [9] Filename: classes.ttl, Content-Type=application/octet-stream, Charset=null => Turtle : Count=107 Triples=107 Quads=0
[2025-11-25 20:15:54] Fuseki     INFO  [9] 200 OK (61 ms)
[2025-11-25 20:15:54] Fuseki     INFO  [10] Filename: properties.ttl, Content-Type=application/octet-stream, Charset=null => Turtle : Count=85 Triples=85 Quads=0
[2025-11-25 20:15:54] Fuseki     INFO  [10] 200 OK (53 ms)
[2025-11-25 20:15:58] Fuseki     INFO  [13] POST http://localhost:3030/indicadores-CTI/sparql
[2025-11-25 20:15:58] Fuseki     INFO  [13] Query = PREFIX rdf: <http://www.w3.org/1999/02/22-rdf-syntax-ns#> PREFIX rdfs: <http://www.w3.org/2000/01/rdf-schema#> SELECT * WHERE {   ?sub ?pred ?obj . } LIMIT 10
[2025-11-25 20:15:58] Fuseki     INFO  [13] 200 OK (16 ms)
[2025-11-25 20:16:13] Fuseki     INFO  [14] POST http://localhost:3030/indicadores-CTI/sparql
[2025-11-25 20:16:13] Fuseki     INFO  [14] Query = PREFIX base:     <http://secti.pe.gov.br/indicador_cti/vocabulary/base#> PREFIX canvas:   <http://secti.pe.gov.br/indicador_cti/vocabulary/canvas#> PREFIX plano:    <http://secti.pe.gov.br/indicador_cti/vocabulary/planoAvaliacao#> PREFIX met:      <http://secti.pe.gov.br/indicador_cti/vocabulary/metricas#> PREFIX programa: <http://secti.pe.gov.br/indicador_cti/vocabulary/programa#> PREFIX xsd:      <http://www.w3.org/2001/XMLSchema#>  SELECT DISTINCT ?nomeMetrica ?finalidade ?va ?vm ?status WHERE {   # Busca somente o PBPG pelo ID   ?progInstance base:id "PR1" .    ?progInstance programa:buscaAtingirEspecifico ?objetivo .    # Busca o objetivo -> resultado -> questão -> métrica   ?objetivo canvas:buscaAtingir ?resultado .   ?questao  plano:alinhaComResultado ?resultado ;             plano:temMetrica ?metrica .    # Busca o valor atual e valor da meta   ?metrica met:valorAtual ?va ;            met:valorMeta  ?vm .      OPTIONAL { ?metrica met:finalidade ?finalidade }   OPTIONAL { ?metrica base:nome ?nomeMetrica }    # Lógica da finalizade(status foi inserido para uma melhor visualização)   BIND(     IF(       (?finalidade = "Maximizar" && xsd:decimal(?va) >= xsd:decimal(?vm)) ||       (?finalidade = "Minimizar" && xsd:decimal(?va) <= xsd:decimal(?vm)) ||       (?finalidade = "Equilibrar" && abs(xsd:decimal(?va) - xsd:decimal(?vm)) <= 0.05) || # margem de tolerância definida arbitrariamente para verificar se os valores estão em situação de equilíbrio       (!BOUND(?finalidade) && xsd:decimal(?va) >= xsd:decimal(?vm)),       "META ATINGIDA",        "NAO ATINGIDA"     ) AS ?status   ) } ORDER BY ?nomeMetrica
[2025-11-25 20:16:13] Fuseki     INFO  [14] 200 OK (37 ms)
[2025-11-25 20:16:37] Fuseki     INFO  [15] POST http://localhost:3030/indicadores-CTI/sparql
[2025-11-25 20:16:37] Fuseki     INFO  [15] Query = PREFIX base:     <http://secti.pe.gov.br/indicador_cti/vocabulary/base#> PREFIX canvas:   <http://secti.pe.gov.br/indicador_cti/vocabulary/canvas#> PREFIX plano:    <http://secti.pe.gov.br/indicador_cti/vocabulary/planoAvaliacao#> PREFIX met:      <http://secti.pe.gov.br/indicador_cti/vocabulary/metricas#> PREFIX programa: <http://secti.pe.gov.br/indicador_cti/vocabulary/programa#> PREFIX xsd:      <http://www.w3.org/2001/XMLSchema#>  SELECT DISTINCT ?nomeMetrica ?finalidade ?va ?vm ?status WHERE {   # Busca somente o PBPG pelo ID   ?progInstance base:id "PR1" .    ?progInstance programa:buscaAtingirEspecifico ?objetivo .    # Busca o objetivo -> resultado -> questão -> métrica   ?objetivo canvas:buscaAtingir ?resultado .   ?questao  plano:alinhaComResultado ?resultado ;             plano:temMetrica ?metrica .    # Busca o valor atual e valor da meta   ?metrica met:valorAtual ?va ;            met:valorMeta  ?vm .      OPTIONAL { ?metrica met:finalidade ?finalidade }   OPTIONAL { ?metrica base:nome ?nomeMetrica }    # Lógica da finalizade(status foi inserido para uma melhor visualização)   BIND(     IF(       (?finalidade = "Maximizar" && xsd:decimal(?va) >= xsd:decimal(?vm)) ||       (?finalidade = "Minimizar" && xsd:decimal(?va) <= xsd:decimal(?vm)) ||       (?finalidade = "Equilibrar" && abs(xsd:decimal(?va) - xsd:decimal(?vm)) <= 0.05) || # margem de tolerância definida arbitrariamente para verificar se os valores estão em situação de equilíbrio       (!BOUND(?finalidade) && xsd:decimal(?va) >= xsd:decimal(?vm)),       "META ATINGIDA",        "NAO ATINGIDA"     ) AS ?status   ) } ORDER BY ?nomeMetrica
[2025-11-25 20:16:37] Fuseki     INFO  [15] 200 OK (15 ms)
[2025-11-25 20:18:12] Fuseki     INFO  [16] POST http://localhost:3030/indicadores-CTI/sparql
[2025-11-25 20:18:12] Fuseki     INFO  [16] Query = PREFIX base:     <http://secti.pe.gov.br/indicador_cti/vocabulary/base#> PREFIX canvas:   <http://secti.pe.gov.br/indicador_cti/vocabulary/canvas#> PREFIX plano:    <http://secti.pe.gov.br/indicador_cti/vocabulary/planoAvaliacao#> PREFIX met:      <http://secti.pe.gov.br/indicador_cti/vocabulary/metricas#> PREFIX programa: <http://secti.pe.gov.br/indicador_cti/vocabulary/programa#> PREFIX xsd:      <http://www.w3.org/2001/XMLSchema#>  SELECT DISTINCT ?nomeMetrica ?finalidade ?va ?vm ?status WHERE {   ?metrica met:nome ?nomeMetrica . } ORDER BY ?nomeMetrica
[2025-11-25 20:18:12] Fuseki     INFO  [16] 200 OK (7 ms)
[2025-11-25 20:18:14] Fuseki     INFO  [17] POST http://localhost:3030/indicadores-CTI/sparql
[2025-11-25 20:18:14] Fuseki     INFO  [17] Query = PREFIX base:     <http://secti.pe.gov.br/indicador_cti/vocabulary/base#> PREFIX canvas:   <http://secti.pe.gov.br/indicador_cti/vocabulary/canvas#> PREFIX plano:    <http://secti.pe.gov.br/indicador_cti/vocabulary/planoAvaliacao#> PREFIX met:      <http://secti.pe.gov.br/indicador_cti/vocabulary/metricas#> PREFIX programa: <http://secti.pe.gov.br/indicador_cti/vocabulary/programa#> PREFIX xsd:      <http://www.w3.org/2001/XMLSchema#>  SELECT DISTINCT ?nomeMetrica ?finalidade ?va ?vm ?status WHERE {   ?metrica met:nome ?nomeMetrica . } ORDER BY ?nomeMetrica
[2025-11-25 20:18:14] Fuseki     INFO  [17] 200 OK (8 ms)
[2025-11-25 20:18:16] Fuseki     INFO  [18] POST http://localhost:3030/indicadores-CTI/sparql
[2025-11-25 20:18:16] Fuseki     INFO  [18] Query = PREFIX base:     <http://secti.pe.gov.br/indicador_cti/vocabulary/base#> PREFIX canvas:   <http://secti.pe.gov.br/indicador_cti/vocabulary/canvas#> PREFIX plano:    <http://secti.pe.gov.br/indicador_cti/vocabulary/planoAvaliacao#> PREFIX met:      <http://secti.pe.gov.br/indicador_cti/vocabulary/metricas#> PREFIX programa: <http://secti.pe.gov.br/indicador_cti/vocabulary/programa#> PREFIX xsd:      <http://www.w3.org/2001/XMLSchema#>  SELECT DISTINCT ?nomeMetrica ?finalidade ?va ?vm ?status WHERE {   ?metrica met:nome ?nomeMetrica . } ORDER BY ?nomeMetrica
[2025-11-25 20:18:16] Fuseki     INFO  [18] 200 OK (6 ms)
[2025-11-25 20:18:17] Fuseki     INFO  [19] POST http://localhost:3030/indicadores-CTI/sparql
[2025-11-25 20:18:17] Fuseki     INFO  [19] Query = PREFIX base:     <http://secti.pe.gov.br/indicador_cti/vocabulary/base#> PREFIX canvas:   <http://secti.pe.gov.br/indicador_cti/vocabulary/canvas#> PREFIX plano:    <http://secti.pe.gov.br/indicador_cti/vocabulary/planoAvaliacao#> PREFIX met:      <http://secti.pe.gov.br/indicador_cti/vocabulary/metricas#> PREFIX programa: <http://secti.pe.gov.br/indicador_cti/vocabulary/programa#> PREFIX xsd:      <http://www.w3.org/2001/XMLSchema#>  SELECT DISTINCT ?nomeMetrica ?finalidade ?va ?vm ?status WHERE {   ?metrica met:nome ?nomeMetrica . } ORDER BY ?nomeMetrica
[2025-11-25 20:18:17] Fuseki     INFO  [19] 200 OK (8 ms)
[2025-11-25 20:27:04] Fuseki     INFO  [25] POST http://localhost:3030/indicadores-CTI/data
[2025-11-25 20:27:04] Fuseki     INFO  [24] POST http://localhost:3030/indicadores-CTI/data
[2025-11-25 20:27:04] Fuseki     INFO  [24] Filename: classes.ttl, Content-Type=application/octet-stream, Charset=null => Turtle : Count=193 Triples=193 Quads=0
[2025-11-25 20:27:04] Fuseki     INFO  [24] 200 OK (14 ms)
[2025-11-25 20:27:04] Fuseki     INFO  [25] Filename: properties.ttl, Content-Type=application/octet-stream, Charset=null => Turtle : Count=193 Triples=193 Quads=0
[2025-11-25 20:27:04] Fuseki     INFO  [25] 200 OK (24 ms)
[2025-11-25 20:27:04] Fuseki     INFO  [26] POST http://localhost:3030/indicadores-CTI/data
[2025-11-25 20:27:04] Fuseki     INFO  [26] Filename: individuals.ttl, Content-Type=application/octet-stream, Charset=null => Turtle : Count=4746 Triples=4746 Quads=0
[2025-11-25 20:27:04] Fuseki     INFO  [26] 200 OK (62 ms)
[2025-11-25 20:27:24] Fuseki     INFO  [29] POST http://localhost:3030/indicadores-CTI/sparql
[2025-11-25 20:27:24] Fuseki     INFO  [29] Query = PREFIX base:     <http://secti.pe.gov.br/indicador_cti/vocabulary/base#> PREFIX canvas:   <http://secti.pe.gov.br/indicador_cti/vocabulary/canvas#> PREFIX plano:    <http://secti.pe.gov.br/indicador_cti/vocabulary/planoAvaliacao#> PREFIX met:      <http://secti.pe.gov.br/indicador_cti/vocabulary/metricas#> PREFIX programa: <http://secti.pe.gov.br/indicador_cti/vocabulary/programa#> PREFIX xsd:      <http://www.w3.org/2001/XMLSchema#>  SELECT DISTINCT ?nomeMetrica ?finalidade ?va ?vm ?status WHERE {   # Busca somente o PBPG pelo ID   ?progInstance base:id "PR1" .    ?progInstance programa:buscaAtingirEspecifico ?objetivo .    # Busca o objetivo -> resultado -> questão -> métrica   ?objetivo canvas:buscaAtingir ?resultado .   ?questao  plano:alinhaComResultado ?resultado ;             plano:temMetrica ?metrica .    # Busca o valor atual e valor da meta   ?metrica met:valorAtual ?va ;            met:valorMeta  ?vm .      OPTIONAL { ?metrica met:finalidade ?finalidade }   OPTIONAL { ?metrica base:nome ?nomeMetrica }    # Lógica da finalizade(status foi inserido para uma melhor visualização)   BIND(     IF(       (?finalidade = "Maximizar" && xsd:decimal(?va) >= xsd:decimal(?vm)) ||       (?finalidade = "Minimizar" && xsd:decimal(?va) <= xsd:decimal(?vm)) ||       (?finalidade = "Equilibrar" && abs(xsd:decimal(?va) - xsd:decimal(?vm)) <= 0.05) || # margem de tolerância definida arbitrariamente para verificar se os valores estão em situação de equilíbrio       (!BOUND(?finalidade) && xsd:decimal(?va) >= xsd:decimal(?vm)),       "META ATINGIDA",        "NAO ATINGIDA"     ) AS ?status   ) } ORDER BY ?nomeMetrica 
[2025-11-25 20:27:24] Fuseki     INFO  [29] 200 OK (33 ms)
[2025-11-25 20:30:41] Fuseki     INFO  [30] POST http://localhost:3030/indicadores-CTI/sparql
[2025-11-25 20:30:41] Fuseki     INFO  [30] Query = PREFIX base:     <http://secti.pe.gov.br/indicador_cti/vocabulary/base#> PREFIX canvas:   <http://secti.pe.gov.br/indicador_cti/vocabulary/canvas#> PREFIX plano:    <http://secti.pe.gov.br/indicador_cti/vocabulary/planoAvaliacao#> PREFIX met:      <http://secti.pe.gov.br/indicador_cti/vocabulary/metricas#> PREFIX programa: <http://secti.pe.gov.br/indicador_cti/vocabulary/programa#> PREFIX xsd:      <http://www.w3.org/2001/XMLSchema#>  SELECT DISTINCT ?nomeMetrica ?finalidade ?va ?vm ?status WHERE {   # Busca somente o PBPG pelo ID   ?progInstance base:nome ?nomePrograma .   FILTER CONTAINS(LCASE(?nomePrograma), "Bolsas de Pós-Graduação")   ?progInstance programa:buscaAtingirEspecifico ?objetivo .    # Busca o objetivo -> resultado -> questão -> métrica   ?objetivo canvas:buscaAtingir ?resultado .   ?questao  plano:alinhaComResultado ?resultado ;             plano:temMetrica ?metrica .    # Busca o valor atual e valor da meta   ?metrica met:valorAtual ?va ;            met:valorMeta  ?vm .      OPTIONAL { ?metrica met:finalidade ?finalidade }   OPTIONAL { ?metrica base:nome ?nomeMetrica }    # Lógica da finalizade(status foi inserido para uma melhor visualização)   BIND(     IF(       (?finalidade = "Maximizar" && xsd:decimal(?va) >= xsd:decimal(?vm)) ||       (?finalidade = "Minimizar" && xsd:decimal(?va) <= xsd:decimal(?vm)) ||       (?finalidade = "Equilibrar" && abs(xsd:decimal(?va) - xsd:decimal(?vm)) <= 0.05) || # margem de tolerância definida arbitrariamente para verificar se os valores estão em situação de equilíbrio       (!BOUND(?finalidade) && xsd:decimal(?va) >= xsd:decimal(?vm)),       "META ATINGIDA",        "NAO ATINGIDA"     ) AS ?status   ) } ORDER BY ?nomeMetrica 
[2025-11-25 20:30:41] Fuseki     INFO  [30] 200 OK (31 ms)
[2025-11-25 20:31:03] Fuseki     INFO  [31] POST http://localhost:3030/indicadores-CTI/sparql
[2025-11-25 20:31:03] Fuseki     INFO  [31] Query = PREFIX base:     <http://secti.pe.gov.br/indicador_cti/vocabulary/base#> PREFIX canvas:   <http://secti.pe.gov.br/indicador_cti/vocabulary/canvas#> PREFIX plano:    <http://secti.pe.gov.br/indicador_cti/vocabulary/planoAvaliacao#> PREFIX met:      <http://secti.pe.gov.br/indicador_cti/vocabulary/metricas#> PREFIX programa: <http://secti.pe.gov.br/indicador_cti/vocabulary/programa#> PREFIX xsd:      <http://www.w3.org/2001/XMLSchema#>  SELECT DISTINCT ?nomeMetrica ?finalidade ?va ?vm ?status WHERE {   # Busca somente o PBPG pelo ID   ?progInstance base:nome ?nomePrograma .   FILTER CONTAINS(LCASE(?nomePrograma), "bolsas de pós-graduação")   ?progInstance programa:buscaAtingirEspecifico ?objetivo .    # Busca o objetivo -> resultado -> questão -> métrica   ?objetivo canvas:buscaAtingir ?resultado .   ?questao  plano:alinhaComResultado ?resultado ;             plano:temMetrica ?metrica .    # Busca o valor atual e valor da meta   ?metrica met:valorAtual ?va ;            met:valorMeta  ?vm .      OPTIONAL { ?metrica met:finalidade ?finalidade }   OPTIONAL { ?metrica base:nome ?nomeMetrica }    # Lógica da finalizade(status foi inserido para uma melhor visualização)   BIND(     IF(       (?finalidade = "Maximizar" && xsd:decimal(?va) >= xsd:decimal(?vm)) ||       (?finalidade = "Minimizar" && xsd:decimal(?va) <= xsd:decimal(?vm)) ||       (?finalidade = "Equilibrar" && abs(xsd:decimal(?va) - xsd:decimal(?vm)) <= 0.05) || # margem de tolerância definida arbitrariamente para verificar se os valores estão em situação de equilíbrio       (!BOUND(?finalidade) && xsd:decimal(?va) >= xsd:decimal(?vm)),       "META ATINGIDA",        "NAO ATINGIDA"     ) AS ?status   ) } ORDER BY ?nomeMetrica 
[2025-11-25 20:31:03] Fuseki     INFO  [31] 200 OK (25 ms)
[2025-11-25 20:31:23] Fuseki     INFO  [32] POST http://localhost:3030/indicadores-CTI/sparql
[2025-11-25 20:31:23] Fuseki     INFO  [32] Query = PREFIX base:     <http://secti.pe.gov.br/indicador_cti/vocabulary/base#> PREFIX canvas:   <http://secti.pe.gov.br/indicador_cti/vocabulary/canvas#> PREFIX plano:    <http://secti.pe.gov.br/indicador_cti/vocabulary/planoAvaliacao#> PREFIX met:      <http://secti.pe.gov.br/indicador_cti/vocabulary/metricas#> PREFIX programa: <http://secti.pe.gov.br/indicador_cti/vocabulary/programa#> PREFIX xsd:      <http://www.w3.org/2001/XMLSchema#>  SELECT DISTINCT ?nomePrograma ?nomeMetrica ?finalidade ?va ?vm ?status WHERE {   # Busca somente o PBPG pelo ID   ?progInstance base:nome ?nomePrograma .   FILTER CONTAINS(LCASE(?nomePrograma), "bolsas de pós-graduação")   ?progInstance programa:buscaAtingirEspecifico ?objetivo .    # Busca o objetivo -> resultado -> questão -> métrica   ?objetivo canvas:buscaAtingir ?resultado .   ?questao  plano:alinhaComResultado ?resultado ;             plano:temMetrica ?metrica .    # Busca o valor atual e valor da meta   ?metrica met:valorAtual ?va ;            met:valorMeta  ?vm .      OPTIONAL { ?metrica met:finalidade ?finalidade }   OPTIONAL { ?metrica base:nome ?nomeMetrica }    # Lógica da finalizade(status foi inserido para uma melhor visualização)   BIND(     IF(       (?finalidade = "Maximizar" && xsd:decimal(?va) >= xsd:decimal(?vm)) ||       (?finalidade = "Minimizar" && xsd:decimal(?va) <= xsd:decimal(?vm)) ||       (?finalidade = "Equilibrar" && abs(xsd:decimal(?va) - xsd:decimal(?vm)) <= 0.05) || # margem de tolerância definida arbitrariamente para verificar se os valores estão em situação de equilíbrio       (!BOUND(?finalidade) && xsd:decimal(?va) >= xsd:decimal(?vm)),       "META ATINGIDA",        "NAO ATINGIDA"     ) AS ?status   ) } ORDER BY ?nomeMetrica 
[2025-11-25 20:31:23] Fuseki     INFO  [32] 200 OK (18 ms)
[2025-11-25 20:31:55] Fuseki     INFO  [33] POST http://localhost:3030/indicadores-CTI/sparql
[2025-11-25 20:31:55] Fuseki     INFO  [33] Query = PREFIX base:     <http://secti.pe.gov.br/indicador_cti/vocabulary/base#> PREFIX canvas:   <http://secti.pe.gov.br/indicador_cti/vocabulary/canvas#> PREFIX plano:    <http://secti.pe.gov.br/indicador_cti/vocabulary/planoAvaliacao#> PREFIX met:      <http://secti.pe.gov.br/indicador_cti/vocabulary/metricas#> PREFIX programa: <http://secti.pe.gov.br/indicador_cti/vocabulary/programa#> PREFIX xsd:      <http://www.w3.org/2001/XMLSchema#>  SELECT DISTINCT ?nomePrograma ?nomeMetrica ?finalidade ?va ?vm ?status WHERE {   # Busca pelo termo "bolsas de pós-graduação" no nome do programa   ?progInstance base:nome ?nomePrograma .   FILTER CONTAINS(LCASE(?nomePrograma), "bolsas de pós-graduação")   ?progInstance programa:buscaAtingirEspecifico ?objetivo .    # Busca o objetivo -> resultado -> questão -> métrica   ?objetivo canvas:buscaAtingir ?resultado .   ?questao  plano:alinhaComResultado ?resultado ;             plano:temMetrica ?metrica .    # Busca o valor atual e valor da meta   ?metrica met:valorAtual ?va ;            met:valorMeta  ?vm .      OPTIONAL { ?metrica met:finalidade ?finalidade }   OPTIONAL { ?metrica base:nome ?nomeMetrica }    # Lógica da finalizade(status foi inserido para uma melhor visualização)   BIND(     IF(       (?finalidade = "Maximizar" && xsd:decimal(?va) >= xsd:decimal(?vm)) ||       (?finalidade = "Minimizar" && xsd:decimal(?va) <= xsd:decimal(?vm)) ||       (?finalidade = "Equilibrar" && abs(xsd:decimal(?va) - xsd:decimal(?vm)) <= 0.05) || # margem de tolerância definida arbitrariamente para verificar se os valores estão em situação de equilíbrio       (!BOUND(?finalidade) && xsd:decimal(?va) >= xsd:decimal(?vm)),       "META ATINGIDA",        "NAO ATINGIDA"     ) AS ?status   ) } ORDER BY ?nomeMetrica 
[2025-11-25 20:31:55] Fuseki     INFO  [33] 200 OK (19 ms)
[2025-11-25 20:33:38] Fuseki     INFO  [34] POST http://localhost:3030/indicadores-CTI/sparql
[2025-11-25 20:33:38] Fuseki     INFO  [34] Query = PREFIX base:     <http://secti.pe.gov.br/indicador_cti/vocabulary/base#> PREFIX canvas:   <http://secti.pe.gov.br/indicador_cti/vocabulary/canvas#> PREFIX plano:    <http://secti.pe.gov.br/indicador_cti/vocabulary/planoAvaliacao#> PREFIX met:      <http://secti.pe.gov.br/indicador_cti/vocabulary/metricas#> PREFIX programa: <http://secti.pe.gov.br/indicador_cti/vocabulary/programa#> PREFIX xsd:      <http://www.w3.org/2001/XMLSchema#>  SELECT DISTINCT ?nomePrograma ?nomeObjetivo ?nomeResultado ?nomeMetrica ?finalidade ?va ?vm ?status WHERE {   # Busca pelo termo "bolsas de pós-graduação" no nome do programa   ?progInstance base:nome ?nomePrograma .   FILTER CONTAINS(LCASE(?nomePrograma), "bolsas de pós-graduação")   ?progInstance programa:buscaAtingirEspecifico ?objetivo .   ?objetivo base:nome ?nomeObjetivo .      # Busca o objetivo -> resultado -> questão -> métrica   ?objetivo canvas:buscaAtingir ?resultado .   ?questao  plano:alinhaComResultado ?resultado ;             plano:temMetrica ?metrica .   ?resultado base:nome ?nomeResultado .      # Busca o valor atual e valor da meta   ?metrica met:valorAtual ?va ;            met:valorMeta  ?vm .      OPTIONAL { ?metrica met:finalidade ?finalidade }   OPTIONAL { ?metrica base:nome ?nomeMetrica }    # Lógica da finalizade(status foi inserido para uma melhor visualização)   BIND(     IF(       (?finalidade = "Maximizar" && xsd:decimal(?va) >= xsd:decimal(?vm)) ||       (?finalidade = "Minimizar" && xsd:decimal(?va) <= xsd:decimal(?vm)) ||       (?finalidade = "Equilibrar" && abs(xsd:decimal(?va) - xsd:decimal(?vm)) <= 0.05) || # margem de tolerância definida arbitrariamente para verificar se os valores estão em situação de equilíbrio       (!BOUND(?finalidade) && xsd:decimal(?va) >= xsd:decimal(?vm)),       "META ATINGIDA",        "NAO ATINGIDA"     ) AS ?status   ) } ORDER BY ?nomeMetrica 
[2025-11-25 20:33:38] Fuseki     INFO  [34] 200 OK (19 ms)
